
> frontend@0.1.0 build
> next build

Γû▓ Next.js 16.2.2 (Turbopack)

  Creating an optimized production build ...
node.exe : 
At C:\Program 
Files\nodejs\npm.ps1:29 
char:3
+   & $NODE_EXE 
$NPM_CLI_JS $args
+   ~~~~~~~~~~~~~~~~~~~~~~
~~~~~~~
    + CategoryInfo        
      : NotSpecified: (:  
  String) [], RemoteExc   
 eption
    + FullyQualifiedError 
   Id : NativeCommandErr  
  or
 
> Build error occurred
Error: Turbopack build 
failed with 1 errors:
./src/components/sections/
Pricing.tsx:1:17
You're importing a module 
that depends on 
`useState` into a React 
Server Component module. 
This API is only 
available in Client 
Components. To fix, mark 
the file (or its parent) 
with the `"use client"` 
directive.
    Learn more: https://ne
xtjs.org/docs/app/api-refe
rence/directives/use-clien
t
[31m[1m>[0m [90m1 
|[0m [36mimport[0m 
[33mReact[0m, { 
useState } [36mfrom[0m 
[32m"react"[0m;
  [90m  |[0m            
     [31m[1m^^^^^^^^[0m
  [90m2 |[0m
  [90m3 |[0m 
[36mconst[0m plans = [
  [90m4 |[0m     {

Ecmascript file had an 
error

Import trace:
  Server Component:
    ./src/components/secti
ons/Pricing.tsx
    ./app/page.tsx


    at <unknown> (./src/co
mponents/sections/Pricing.
tsx:1:17)
